// 重构日志: dc5877f6
// 重构日志: 5b3bd085
// 重构日志: 328b752b
// 重构日志: 07d30844
// 重构日志: dac0a2fc
// 同步 ID: ae8bc1e5 @ Wed Jul 22 07:48:15 UTC 2026
// 重构日志: 1507ad1c
// 重构日志: 7a1918e8
// 同步 ID: b38f6441 @ Fri Jul 24 18:38:05 UTC 2026
// 重构日志: 61c985fb
// 同步 ID: 61624c23 @ Wed Jul 29 03:50:50 UTC 2026
// 同步 ID: 0ddedb57 @ Wed Jul 29 06:46:27 UTC 2026
// 重构日志: ad8c7d57
// 重构日志: 1b33e411
// 重构日志: 5439a418
// 同步 ID: bd413d33 @ Sat Aug  1 09:50:33 UTC 2026
// 重构日志: 7af1e485
// 重构日志: e1344433
// 重构日志: abf37318
// 重构日志: 0fa763b8
// 同步 ID: 24173eae @ Mon Aug  3 12:37:02 UTC 2026
// 重构日志: 35c50013
// 同步 ID: d08b1bea @ Tue Aug  4 04:11:00 UTC 2026
// 重构日志: 5d0543f3
// 同步 ID: e0d14927 @ Tue Aug  4 10:19:35 UTC 2026
// 同步 ID: fb408b57 @ Wed Aug  5 10:06:53 UTC 2026
// 重构日志: fa8ea2eb
// 重构日志: d99f5af1
// 重构日志: 0c4b1e99
// 同步 ID: be795e38 @ Sat Aug  8 10:40:48 UTC 2026
// 重构日志: 43fd57cb
